#
# There is insufficient memory for the Java Runtime Environment to continue.
# Native memory allocation (malloc) failed to allocate 1048576 bytes. Error detail: AllocateHeap
# Possible reasons:
#   The system is out of physical RAM or swap space
#   This process is running with CompressedOops enabled, and the Java Heap may be blocking the growth of the native heap
# Possible solutions:
#   Reduce memory load on the system
#   Increase physical memory or swap space
#   Check if swap backing store is full
#   Decrease Java heap size (-Xmx/-Xms)
#   Decrease number of Java threads
#   Decrease Java thread stack sizes (-Xss)
#   Set larger code cache with -XX:ReservedCodeCacheSize=
#   JVM is running with Unscaled Compressed Oops mode in which the Java heap is
#     placed in the first 4GB address space. The Java Heap base address is the
#     maximum limit for the native heap growth. Please use -XX:HeapBaseMinAddress
#     to set the Java Heap base and to place the Java Heap above 4GB virtual address.
# This output file may be truncated or incomplete.
#
#  Out of Memory Error (allocation.cpp:44), pid=27424, tid=14152
#
# JRE version: OpenJDK Runtime Environment Temurin-21.0.9+10 (21.0.9+10) (build 21.0.9+10-LTS)
# Java VM: OpenJDK 64-Bit Server VM Temurin-21.0.9+10 (21.0.9+10-LTS, mixed mode, sharing, tiered, compressed oops, compressed class ptrs, parallel gc, windows-amd64)
# No core dump will be written. Minidumps are not enabled by default on client versions of Windows
#

---------------  S U M M A R Y ------------

Command Line: --add-modules=ALL-SYSTEM --add-opens=java.base/java.util=ALL-UNNAMED --add-opens=java.base/java.lang=ALL-UNNAMED --add-opens=java.base/sun.nio.fs=ALL-UNNAMED -Declipse.application=org.eclipse.jdt.ls.core.id1 -Dosgi.bundles.defaultStartLevel=4 -Declipse.product=org.eclipse.jdt.ls.core.product -Djava.import.generatesMetadataFilesAtProjectRoot=false -DDetectVMInstallationsJob.disabled=true -Dfile.encoding=utf8 -XX:+UseParallelGC -XX:GCTimeRatio=4 -XX:AdaptiveSizePolicyWeight=90 -Dsun.zip.disableMemoryMapping=true -Xmx2G -Xms100m -Xlog:disable -javaagent:c:\Users\ZoroJuro\.cursor\extensions\redhat.java-1.50.0-win32-x64\lombok\lombok-1.18.39-4050.jar -XX:+HeapDumpOnOutOfMemoryError -XX:HeapDumpPath=c:\Users\ZoroJuro\AppData\Roaming\Cursor\User\workspaceStorage\2ab95318bcd0b7ba4057b4e1a5ca08e4\redhat.java -Daether.dependencyCollector.impl=bf c:\Users\ZoroJuro\.cursor\extensions\redhat.java-1.50.0-win32-x64\server\plugins\org.eclipse.equinox.launcher_1.7.100.v20251111-0406.jar -configuration c:\Users\ZoroJuro\AppData\Roaming\Cursor\User\globalStorage\redhat.java\1.50.0\config_win -data c:\Users\ZoroJuro\AppData\Roaming\Cursor\User\workspaceStorage\2ab95318bcd0b7ba4057b4e1a5ca08e4\redhat.java\jdt_ws --pipe=\\.\pipe\lsp-4207cc3f606ce4f7f31bf1e41e819ea8-sock

Host: AMD Ryzen 5 4600H with Radeon Graphics         , 12 cores, 7G,  Windows 10 , 64 bit Build 19041 (10.0.19041.5915)
Time: Thu Jan  1 19:41:01 2026 Nepal Standard Time elapsed time: 15090.524726 seconds (0d 4h 11m 30s)

---------------  T H R E A D  ---------------

Current thread (0x0000020b3d5b4e70):  JavaThread "Attach Listener" daemon [_thread_in_vm, id=14152, stack(0x000000a980700000,0x000000a980800000) (1024K)]

Stack: [0x000000a980700000,0x000000a980800000]
Native frames: (J=compiled Java code, j=interpreted, Vv=VM code, C=native code)
V  [jvm.dll+0x6d6e29]
V  [jvm.dll+0x8b4b76]
V  [jvm.dll+0x8b712e]
V  [jvm.dll+0x8b7813]
V  [jvm.dll+0x283d86]
V  [jvm.dll+0xc1277]
V  [jvm.dll+0x6d76d9]
V  [jvm.dll+0x133466]
V  [jvm.dll+0x3f7ea6]
V  [jvm.dll+0x85e9ad]
V  [jvm.dll+0x6d565d]
C  [ucrtbase.dll+0x21bb2]
C  [KERNEL32.DLL+0x17374]
C  [ntdll.dll+0x4cc91]


---------------  P R O C E S S  ---------------

Threads class SMR info:
_java_thread_list=0x0000020ba3cba850, length=44, elements={
0x0000020b3d600760, 0x0000020b3d5b0850, 0x0000020b3d5b2050, 0x0000020b3d5b3f60,
0x0000020b3d5b4e70, 0x0000020b3d5b7f10, 0x0000020b3d5b9970, 0x0000020b3d5babb0,
0x0000020b9b010fa0, 0x0000020b9b1dd180, 0x0000020b9b265680, 0x0000020b9b8730a0,
0x0000020b9b8418a0, 0x0000020b9bbd39a0, 0x0000020b9bbd43d0, 0x0000020b9c00b0d0,
0x0000020b9c05cfa0, 0x0000020b9b2bab80, 0x0000020b9b2bbf30, 0x0000020b9b2bb210,
0x0000020b9e369aa0, 0x0000020b9e36eff0, 0x0000020b9e36d5b0, 0x0000020b9e36ae50,
0x0000020b9e36b4e0, 0x0000020b9e36f680, 0x0000020b9e36cf20, 0x0000020b9e36a7c0,
0x0000020b9e36dc40, 0x0000020b9e36e2d0, 0x0000020b9e36c200, 0x0000020b9e36bb70,
0x0000020b9e36c890, 0x0000020b9e36a130, 0x0000020b9e36e960, 0x0000020b9e368060,
0x0000020b9e910de0, 0x0000020b9f3302f0, 0x0000020b9f32ce70, 0x0000020b9f32c150,
0x0000020b9f32c7e0, 0x0000020b9f32f5d0, 0x0000020b9f32db90, 0x0000020b9f32bac0
}

Java Threads: ( => current thread )
  0x0000020b3d600760 JavaThread "main"                              [_thread_blocked, id=26632, stack(0x000000a980000000,0x000000a980100000) (1024K)]
  0x0000020b3d5b0850 JavaThread "Reference Handler"          daemon [_thread_blocked, id=5104, stack(0x000000a980400000,0x000000a980500000) (1024K)]
  0x0000020b3d5b2050 JavaThread "Finalizer"                  daemon [_thread_blocked, id=8516, stack(0x000000a980500000,0x000000a980600000) (1024K)]
  0x0000020b3d5b3f60 JavaThread "Signal Dispatcher"          daemon [_thread_blocked, id=21708, stack(0x000000a980600000,0x000000a980700000) (1024K)]
=>0x0000020b3d5b4e70 JavaThread "Attach Listener"            daemon [_thread_in_vm, id=14152, stack(0x000000a980700000,0x000000a980800000) (1024K)]
  0x0000020b3d5b7f10 JavaThread "Service Thread"             daemon [_thread_blocked, id=22092, stack(0x000000a980800000,0x000000a980900000) (1024K)]
  0x0000020b3d5b9970 JavaThread "Monitor Deflation Thread"   daemon [_thread_blocked, id=12904, stack(0x000000a980900000,0x000000a980a00000) (1024K)]
  0x0000020b3d5babb0 JavaThread "C2 CompilerThread0"         daemon [_thread_blocked, id=16504, stack(0x000000a980a00000,0x000000a980b00000) (1024K)]
  0x0000020b9b010fa0 JavaThread "C1 CompilerThread0"         daemon [_thread_blocked, id=21844, stack(0x000000a980b00000,0x000000a980c00000) (1024K)]
  0x0000020b9b1dd180 JavaThread "Common-Cleaner"             daemon [_thread_blocked, id=27320, stack(0x000000a980c00000,0x000000a980d00000) (1024K)]
  0x0000020b9b265680 JavaThread "Notification Thread"        daemon [_thread_blocked, id=7392, stack(0x000000a980d00000,0x000000a980e00000) (1024K)]
  0x0000020b9b8730a0 JavaThread "Active Thread: Equinox Container: 21174ca3-675e-46c2-ae82-77ffbb1f3b20"        [_thread_blocked, id=26680, stack(0x000000a981400000,0x000000a981500000) (1024K)]
  0x0000020b9b8418a0 JavaThread "Refresh Thread: Equinox Container: 21174ca3-675e-46c2-ae82-77ffbb1f3b20" daemon [_thread_blocked, id=24100, stack(0x000000a981500000,0x000000a981600000) (1024K)]
  0x0000020b9bbd39a0 JavaThread "Framework Event Dispatcher: Equinox Container: 21174ca3-675e-46c2-ae82-77ffbb1f3b20" daemon [_thread_blocked, id=27264, stack(0x000000a981700000,0x000000a981800000) (1024K)]
  0x0000020b9bbd43d0 JavaThread "Start Level: Equinox Container: 21174ca3-675e-46c2-ae82-77ffbb1f3b20" daemon [_thread_blocked, id=27176, stack(0x000000a981800000,0x000000a981900000) (1024K)]
  0x0000020b9c00b0d0 JavaThread "Bundle File Closer"         daemon [_thread_blocked, id=24520, stack(0x000000a981b00000,0x000000a981c00000) (1024K)]
  0x0000020b9c05cfa0 JavaThread "SCR Component Actor"        daemon [_thread_blocked, id=26988, stack(0x000000a981c00000,0x000000a981d00000) (1024K)]
  0x0000020b9b2bab80 JavaThread "Worker-JM"                         [_thread_blocked, id=27492, stack(0x000000a981d00000,0x000000a981e00000) (1024K)]
  0x0000020b9b2bbf30 JavaThread "JNA Cleaner"                daemon [_thread_blocked, id=26732, stack(0x000000a981e00000,0x000000a981f00000) (1024K)]
  0x0000020b9b2bb210 JavaThread "Java indexing"              daemon [_thread_blocked, id=26472, stack(0x000000a982200000,0x000000a982300000) (1024K)]
  0x0000020b9e369aa0 JavaThread "Thread-1"                   daemon [_thread_in_native, id=25308, stack(0x000000a982700000,0x000000a982800000) (1024K)]
  0x0000020b9e36eff0 JavaThread "Thread-2"                   daemon [_thread_in_native, id=27348, stack(0x000000a982800000,0x000000a982900000) (1024K)]
  0x0000020b9e36d5b0 JavaThread "Thread-3"                   daemon [_thread_in_native, id=27412, stack(0x000000a982900000,0x000000a982a00000) (1024K)]
  0x0000020b9e36ae50 JavaThread "Thread-4"                   daemon [_thread_in_native, id=26924, stack(0x000000a982a00000,0x000000a982b00000) (1024K)]
  0x0000020b9e36b4e0 JavaThread "Thread-5"                   daemon [_thread_in_native, id=22788, stack(0x000000a982b00000,0x000000a982c00000) (1024K)]
  0x0000020b9e36f680 JavaThread "Thread-6"                   daemon [_thread_in_native, id=27312, stack(0x000000a982c00000,0x000000a982d00000) (1024K)]
  0x0000020b9e36cf20 JavaThread "Thread-7"                   daemon [_thread_in_native, id=27388, stack(0x000000a982d00000,0x000000a982e00000) (1024K)]
  0x0000020b9e36a7c0 JavaThread "Thread-8"                   daemon [_thread_in_native, id=27564, stack(0x000000a982e00000,0x000000a982f00000) (1024K)]
  0x0000020b9e36dc40 JavaThread "Thread-9"                   daemon [_thread_in_native, id=27552, stack(0x000000a982f00000,0x000000a983000000) (1024K)]
  0x0000020b9e36e2d0 JavaThread "Thread-10"                  daemon [_thread_in_native, id=27528, stack(0x000000a983000000,0x000000a983100000) (1024K)]
  0x0000020b9e36c200 JavaThread "Thread-11"                  daemon [_thread_in_native, id=27352, stack(0x000000a983100000,0x000000a983200000) (1024K)]
  0x0000020b9e36bb70 JavaThread "Thread-12"                  daemon [_thread_in_native, id=25804, stack(0x000000a983200000,0x000000a983300000) (1024K)]
  0x0000020b9e36c890 JavaThread "Thread-13"                  daemon [_thread_in_native, id=27300, stack(0x000000a983300000,0x000000a983400000) (1024K)]
  0x0000020b9e36a130 JavaThread "pool-2-thread-1"                   [_thread_blocked, id=23188, stack(0x000000a983400000,0x000000a983500000) (1024K)]
  0x0000020b9e36e960 JavaThread "WorkspaceEventsHandler"            [_thread_blocked, id=27608, stack(0x000000a983500000,0x000000a983600000) (1024K)]
  0x0000020b9e368060 JavaThread "pool-1-thread-1"                   [_thread_blocked, id=26728, stack(0x000000a983600000,0x000000a983700000) (1024K)]
  0x0000020b9e910de0 JavaThread "Worker-6"                          [_thread_blocked, id=15568, stack(0x000000a982000000,0x000000a982100000) (1024K)]
  0x0000020b9f3302f0 JavaThread "Worker-8"                          [_thread_blocked, id=11652, stack(0x000000a982100000,0x000000a982200000) (1024K)]
  0x0000020b9f32ce70 JavaThread "Compiler Source File Reader" daemon [_thread_blocked, id=28040, stack(0x000000a981f00000,0x000000a982000000) (1024K)]
  0x0000020b9f32c150 JavaThread "Worker-9"                          [_thread_blocked, id=29572, stack(0x000000a982300000,0x000000a982400000) (1024K)]
  0x0000020b9f32c7e0 JavaThread "Compiler Processing Task"   daemon [_thread_blocked, id=27624, stack(0x000000a982400000,0x000000a982500000) (1024K)]
  0x0000020b9f32f5d0 JavaThread "Compiler Source File Reader" daemon [_thread_blocked, id=22240, stack(0x000000a982500000,0x000000a982600000) (1024K)]
  0x0000020b9f32db90 JavaThread "Compiler Source File Reader" daemon [_thread_blocked, id=29388, stack(0x000000a982600000,0x000000a982700000) (1024K)]
  0x0000020b9f32bac0 JavaThread "Compiler Source File Reader" daemon [_thread_blocked, id=20656, stack(0x000000a983700000,0x000000a983800000) (1024K)]
Total: 44

Other Threads:
  0x0000020b3d5a3870 VMThread "VM Thread"                           [id=26628, stack(0x000000a980300000,0x000000a980400000) (1024K)]
  0x0000020b3d66ae10 WatcherThread "VM Periodic Task Thread"        [id=27324, stack(0x000000a980200000,0x000000a980300000) (1024K)]
  0x0000020b3d61ed00 WorkerThread "GC Thread#0"                     [id=27512, stack(0x000000a980100000,0x000000a980200000) (1024K)]
  0x0000020b9b36dba0 WorkerThread "GC Thread#1"                     [id=23916, stack(0x000000a980e00000,0x000000a980f00000) (1024K)]
  0x0000020b9b5bb1d0 WorkerThread "GC Thread#2"                     [id=25520, stack(0x000000a980f00000,0x000000a981000000) (1024K)]
  0x0000020b9b5bb570 WorkerThread "GC Thread#3"                     [id=24556, stack(0x000000a981000000,0x000000a981100000) (1024K)]
  0x0000020b9b5bb910 WorkerThread "GC Thread#4"                     [id=9304, stack(0x000000a981100000,0x000000a981200000) (1024K)]
  0x0000020b9b4a3e50 WorkerThread "GC Thread#5"                     [id=12308, stack(0x000000a981200000,0x000000a981300000) (1024K)]
  0x0000020b9b4a41f0 WorkerThread "GC Thread#6"                     [id=25728, stack(0x000000a981300000,0x000000a981400000) (1024K)]
  0x0000020b9b842450 WorkerThread "GC Thread#7"                     [id=22168, stack(0x000000a981600000,0x000000a981700000) (1024K)]
  0x0000020b9bbb1290 WorkerThread "GC Thread#8"                     [id=21240, stack(0x000000a981900000,0x000000a981a00000) (1024K)]
  0x0000020b9bbf97c0 WorkerThread "GC Thread#9"                     [id=27612, stack(0x000000a981a00000,0x000000a981b00000) (1024K)]
Total: 12

Threads with active compile tasks:
Total: 0

VM state: not at safepoint (normal execution)

VM Mutex/Monitor currently owned by a thread: None

Heap address: 0x0000000080000000, size: 2048 MB, Compressed Oops mode: 32-bit

CDS archive(s) mapped at: [0x0000020b54000000-0x0000020b54ba0000-0x0000020b54ba0000), size 12189696, SharedBaseAddress: 0x0000020b54000000, ArchiveRelocationMode: 1.
Compressed class space mapped at: 0x0000020b55000000-0x0000020b95000000, reserved size: 1073741824
Narrow klass base: 0x0000020b54000000, Narrow klass shift: 0, Narrow klass range: 0x100000000

GC Precious Log:
 CardTable entry size: 512
 CPUs: 12 total, 12 available
 Memory: 7549M
 Large Page Support: Disabled
 NUMA Support: Disabled
 Compressed Oops: Enabled (32-bit)
 Alignments: Space 512K, Generation 512K, Heap 2M
 Heap Min Capacity: 100M
 Heap Initial Capacity: 100M
 Heap Max Capacity: 2G
 Pre-touch: Disabled
 Parallel Workers: 10

Heap:
 PSYoungGen      total 8704K, used 6360K [0x00000000d5580000, 0x00000000d6280000, 0x0000000100000000)
  eden space 5120K, 56% used [0x00000000d5580000,0x00000000d58562d8,0x00000000d5a80000)
  from space 3584K, 96% used [0x00000000d5b00000,0x00000000d5e60000,0x00000000d5e80000)
  to   space 4096K, 0% used [0x00000000d5e80000,0x00000000d5e80000,0x00000000d6280000)
 ParOldGen       total 640000K, used 638468K [0x0000000080000000, 0x00000000a7100000, 0x00000000d5580000)
  object space 640000K, 99% used [0x0000000080000000,0x00000000a6f813e8,0x00000000a7100000)
 Metaspace       used 65679K, committed 67200K, reserved 1114112K
  class space    used 6879K, committed 7552K, reserved 1048576K

Card table byte_map: [0x0000020b3cfb0000,0x0000020b3d3c0000] _byte_map_base: 0x0000020b3cbb0000

Marking Bits: (ParMarkBitMap*) 0x00007ffe681a2460
 Begin Bits: [0x0000020b4fac0000, 0x0000020b51ac0000)
 End Bits:   [0x0000020b51ac0000, 0x0000020b53ac0000)

Polling page: 0x0000020b3b2b0000

Metaspace:

Usage:
  Non-class:     57.42 MB used.
      Class:      6.72 MB used.
       Both:     64.14 MB used.

Virtual space:
  Non-class space:       64.00 MB reserved,      58.25 MB ( 91%) committed,  1 nodes.
      Class space:        1.00 GB reserved,       7.38 MB ( <1%) committed,  1 nodes.
             Both:        1.06 GB reserved,      65.62 MB (  6%) committed. 

Chunk freelists:
   Non-Class:  5.34 MB
       Class:  8.61 MB
        Both:  13.95 MB

MaxMetaspaceSize: unlimited
CompressedClassSpaceSize: 1.00 GB
Initial GC threshold: 21.00 MB
Current GC threshold: 97.31 MB
CDS: on
 - commit_granule_bytes: 65536.
 - commit_granule_words: 8192.
 - virtual_space_node_default_size: 8388608.
 - enlarge_chunks_in_place: 1.
 - use_allocation_guard: 0.


Internal statistics:

num_allocs_failed_limit: 9.
num_arena_births: 1234.
num_arena_deaths: 22.
num_vsnodes_births: 2.
num_vsnodes_deaths: 0.
num_space_committed: 1050.
num_space_uncommitted: 0.
num_chunks_returned_to_freelist: 35.
num_chunks_taken_from_freelist: 4420.
num_chunk_merges: 19.
num_chunk_splits: 2677.
num_chunks_enlarged: 1423.
num_inconsistent_stats: 0.

CodeHeap 'non-profiled nmethods': size=120000Kb used=7400Kb max_used=7400Kb free=112599Kb
 bounds [0x0000020b482e0000, 0x0000020b48a20000, 0x0000020b4f810000]
CodeHeap 'profiled nmethods': size=120000Kb used=27847Kb max_used=27847Kb free=92152Kb
 bounds [0x0000020b40810000, 0x0000020b42350000, 0x0000020b47d40000]
CodeHeap 'non-nmethods': size=5760Kb used=1432Kb max_used=1480Kb free=4327Kb
 bounds [0x0000020b47d40000, 0x0000020b47fb0000, 0x0000020b482e0000]
CodeCache: size=245760Kb, used=36679Kb, max_used=36727Kb, free=209078Kb
 total_blobs=13966, nmethods=13220, adapters=651, full_count=0
Compilation: enabled, stopped_count=0, restarted_count=0

Compilation events (20 events):
Event: 15089.628 Thread 0x0000020b9b010fa0 nmethod 13928 0x0000020b4233b390 code [0x0000020b4233b740, 0x0000020b4233d048]
Event: 15089.628 Thread 0x0000020b9b010fa0 13929       3       org.eclipse.core.internal.filesystem.local.Win32Handler::readFILETIME (20 bytes)
Event: 15089.629 Thread 0x0000020b3d5babb0 nmethod 13913 0x0000020b48a18c10 code [0x0000020b48a18e00, 0x0000020b48a19628]
Event: 15089.631 Thread 0x0000020b9b010fa0 nmethod 13929 0x0000020b4233db10 code [0x0000020b4233dce0, 0x0000020b4233e050]
Event: 15089.631 Thread 0x0000020b9b010fa0 13931   !   3       org.eclipse.core.internal.resources.WorkManager::checkIn (115 bytes)
Event: 15089.632 Thread 0x0000020b9b010fa0 nmethod 13931 0x0000020b4233e210 code [0x0000020b4233e480, 0x0000020b4233ec78]
Event: 15089.632 Thread 0x0000020b9b010fa0 13930   !   3       org.eclipse.core.internal.resources.Workspace::prepareOperation (96 bytes)
Event: 15089.635 Thread 0x0000020b9b010fa0 nmethod 13930 0x0000020b4233f190 code [0x0000020b4233f420, 0x0000020b4233fdc8]
Event: 15089.635 Thread 0x0000020b9b010fa0 13933       3       org.eclipse.core.internal.events.NotificationManager$1::run (45 bytes)
Event: 15089.646 Thread 0x0000020b3d5babb0 13935       4       java.util.HashMap::keysToArray (81 bytes)
Event: 15089.646 Thread 0x0000020b9b010fa0 nmethod 13933 0x0000020b42340290 code [0x0000020b423404a0, 0x0000020b423408f0]
Event: 15089.646 Thread 0x0000020b9b010fa0 13932       3       org.eclipse.core.internal.events.NotificationManager$1::<init> (20 bytes)
Event: 15089.648 Thread 0x0000020b9b010fa0 nmethod 13932 0x0000020b42340b10 code [0x0000020b42340cc0, 0x0000020b42340e68]
Event: 15089.648 Thread 0x0000020b9b010fa0 13934       1       org.eclipse.jdt.internal.core.SimpleDelta::getFlags (5 bytes)
Event: 15089.648 Thread 0x0000020b9b010fa0 nmethod 13934 0x0000020b48a19990 code [0x0000020b48a19b20, 0x0000020b48a19be8]
Event: 15089.649 Thread 0x0000020b9b010fa0 13936       3       org.eclipse.lsp4j.jsonrpc.json.adapters.MessageTypeAdapter::getParameterTypes (26 bytes)
Event: 15089.650 Thread 0x0000020b3d5babb0 nmethod 13935 0x0000020b48a19c90 code [0x0000020b48a19e20, 0x0000020b48a1a010]
Event: 15089.651 Thread 0x0000020b9b010fa0 nmethod 13936 0x0000020b42340f10 code [0x0000020b423410e0, 0x0000020b42341300]
Event: 15089.654 Thread 0x0000020b9b010fa0 13937       3       org.eclipse.core.internal.resources.Resource::isAccessible (5 bytes)
Event: 15089.655 Thread 0x0000020b9b010fa0 nmethod 13937 0x0000020b42341410 code [0x0000020b42341600, 0x0000020b42341c68]

GC Heap History (20 events):
Event: 15088.394 GC heap before
{Heap before GC invocations=529 (full 3):
 PSYoungGen      total 13824K, used 13526K [0x00000000d5580000, 0x00000000d6a00000, 0x0000000100000000)
  eden space 7680K, 100% used [0x00000000d5580000,0x00000000d5d00000,0x00000000d5d00000)
  from space 6144K, 95% used [0x00000000d5e80000,0x00000000d6435800,0x00000000d6480000)
  to   space 5632K, 0% used [0x00000000d6480000,0x00000000d6480000,0x00000000d6a00000)
 ParOldGen       total 574976K, used 574917K [0x0000000080000000, 0x00000000a3180000, 0x00000000d5580000)
  object space 574976K, 99% used [0x0000000080000000,0x00000000a3171750,0x00000000a3180000)
 Metaspace       used 65575K, committed 67136K, reserved 1114112K
  class space    used 6875K, committed 7552K, reserved 1048576K
}
Event: 15088.411 GC heap after
{Heap after GC invocations=529 (full 3):
 PSYoungGen      total 7168K, used 5605K [0x00000000d5580000, 0x00000000d7800000, 0x0000000100000000)
  eden space 1536K, 0% used [0x00000000d5580000,0x00000000d5580000,0x00000000d5700000)
  from space 5632K, 99% used [0x00000000d6480000,0x00000000d69f9640,0x00000000d6a00000)
  to   space 13824K, 0% used [0x00000000d5700000,0x00000000d5700000,0x00000000d6480000)
 ParOldGen       total 582144K, used 581946K [0x0000000080000000, 0x00000000a3880000, 0x00000000d5580000)
  object space 582144K, 99% used [0x0000000080000000,0x00000000a384ea98,0x00000000a3880000)
 Metaspace       used 65575K, committed 67136K, reserved 1114112K
  class space    used 6875K, committed 7552K, reserved 1048576K
}
Event: 15088.423 GC heap before
{Heap before GC invocations=530 (full 3):
 PSYoungGen      total 7168K, used 7141K [0x00000000d5580000, 0x00000000d7800000, 0x0000000100000000)
  eden space 1536K, 100% used [0x00000000d5580000,0x00000000d5700000,0x00000000d5700000)
  from space 5632K, 99% used [0x00000000d6480000,0x00000000d69f9640,0x00000000d6a00000)
  to   space 13824K, 0% used [0x00000000d5700000,0x00000000d5700000,0x00000000d6480000)
 ParOldGen       total 582144K, used 581946K [0x0000000080000000, 0x00000000a3880000, 0x00000000d5580000)
  object space 582144K, 99% used [0x0000000080000000,0x00000000a384ea98,0x00000000a3880000)
 Metaspace       used 65575K, committed 67136K, reserved 1114112K
  class space    used 6875K, committed 7552K, reserved 1048576K
}
Event: 15088.439 GC heap after
{Heap after GC invocations=530 (full 3):
 PSYoungGen      total 3584K, used 1600K [0x00000000d5580000, 0x00000000d6500000, 0x0000000100000000)
  eden space 1536K, 0% used [0x00000000d5580000,0x00000000d5580000,0x00000000d5700000)
  from space 2048K, 78% used [0x00000000d5700000,0x00000000d5890000,0x00000000d5900000)
  to   space 5632K, 0% used [0x00000000d5f80000,0x00000000d5f80000,0x00000000d6500000)
 ParOldGen       total 587776K, used 587616K [0x0000000080000000, 0x00000000a3e00000, 0x00000000d5580000)
  object space 587776K, 99% used [0x0000000080000000,0x00000000a3dd80e8,0x00000000a3e00000)
 Metaspace       used 65575K, committed 67136K, reserved 1114112K
  class space    used 6875K, committed 7552K, reserved 1048576K
}
Event: 15088.453 GC heap before
{Heap before GC invocations=531 (full 3):
 PSYoungGen      total 3584K, used 3136K [0x00000000d5580000, 0x00000000d6500000, 0x0000000100000000)
  eden space 1536K, 100% used [0x00000000d5580000,0x00000000d5700000,0x00000000d5700000)
  from space 2048K, 78% used [0x00000000d5700000,0x00000000d5890000,0x00000000d5900000)
  to   space 5632K, 0% used [0x00000000d5f80000,0x00000000d5f80000,0x00000000d6500000)
 ParOldGen       total 587776K, used 587616K [0x0000000080000000, 0x00000000a3e00000, 0x00000000d5580000)
  object space 587776K, 99% used [0x0000000080000000,0x00000000a3dd80e8,0x00000000a3e00000)
 Metaspace       used 65576K, committed 67136K, reserved 1114112K
  class space    used 6875K, committed 7552K, reserved 1048576K
}
Event: 15088.465 GC heap after
{Heap after GC invocations=531 (full 3):
 PSYoungGen      total 4096K, used 1664K [0x00000000d5580000, 0x00000000d6180000, 0x0000000100000000)
  eden space 2048K, 0% used [0x00000000d5580000,0x00000000d5580000,0x00000000d5780000)
  from space 2048K, 81% used [0x00000000d5f80000,0x00000000d6120000,0x00000000d6180000)
  to   space 2560K, 0% used [0x00000000d5c80000,0x00000000d5c80000,0x00000000d5f00000)
 ParOldGen       total 589312K, used 589144K [0x0000000080000000, 0x00000000a3f80000, 0x00000000d5580000)
  object space 589312K, 99% used [0x0000000080000000,0x00000000a3f560e8,0x00000000a3f80000)
 Metaspace       used 65576K, committed 67136K, reserved 1114112K
  class space    used 6875K, committed 7552K, reserved 1048576K
}
Event: 15088.476 GC heap before
{Heap before GC invocations=532 (full 3):
 PSYoungGen      total 4096K, used 3712K [0x00000000d5580000, 0x00000000d6180000, 0x0000000100000000)
  eden space 2048K, 100% used [0x00000000d5580000,0x00000000d5780000,0x00000000d5780000)
  from space 2048K, 81% used [0x00000000d5f80000,0x00000000d6120000,0x00000000d6180000)
  to   space 2560K, 0% used [0x00000000d5c80000,0x00000000d5c80000,0x00000000d5f00000)
 ParOldGen       total 589312K, used 589144K [0x0000000080000000, 0x00000000a3f80000, 0x00000000d5580000)
  object space 589312K, 99% used [0x0000000080000000,0x00000000a3f560e8,0x00000000a3f80000)
 Metaspace       used 65579K, committed 67136K, reserved 1114112K
  class space    used 6875K, committed 7552K, reserved 1048576K
}
Event: 15088.483 GC heap after
{Heap after GC invocations=532 (full 3):
 PSYoungGen      total 4608K, used 2048K [0x00000000d5580000, 0x00000000d6000000, 0x0000000100000000)
  eden space 2560K, 0% used [0x00000000d5580000,0x00000000d5580000,0x00000000d5800000)
  from space 2048K, 100% used [0x00000000d5c80000,0x00000000d5e80000,0x00000000d5e80000)
  to   space 1536K, 0% used [0x00000000d5e80000,0x00000000d5e80000,0x00000000d6000000)
 ParOldGen       total 590848K, used 590696K [0x0000000080000000, 0x00000000a4100000, 0x00000000d5580000)
  object space 590848K, 99% used [0x0000000080000000,0x00000000a40da0e8,0x00000000a4100000)
 Metaspace       used 65579K, committed 67136K, reserved 1114112K
  class space    used 6875K, committed 7552K, reserved 1048576K
}
Event: 15088.500 GC heap before
{Heap before GC invocations=533 (full 3):
 PSYoungGen      total 4608K, used 4602K [0x00000000d5580000, 0x00000000d6000000, 0x0000000100000000)
  eden space 2560K, 99% used [0x00000000d5580000,0x00000000d57fea20,0x00000000d5800000)
  from space 2048K, 100% used [0x00000000d5c80000,0x00000000d5e80000,0x00000000d5e80000)
  to   space 1536K, 0% used [0x00000000d5e80000,0x00000000d5e80000,0x00000000d6000000)
 ParOldGen       total 590848K, used 590696K [0x0000000080000000, 0x00000000a4100000, 0x00000000d5580000)
  object space 590848K, 99% used [0x0000000080000000,0x00000000a40da0e8,0x00000000a4100000)
 Metaspace       used 65579K, committed 67136K, reserved 1114112K
  class space    used 6875K, committed 7552K, reserved 1048576K
}
Event: 15088.509 GC heap after
{Heap after GC invocations=533 (full 3):
 PSYoungGen      total 4608K, used 1536K [0x00000000d5580000, 0x00000000d6280000, 0x0000000100000000)
  eden space 3072K, 0% used [0x00000000d5580000,0x00000000d5580000,0x00000000d5880000)
  from space 1536K, 100% used [0x00000000d5e80000,0x00000000d6000000,0x00000000d6000000)
  to   space 5120K, 0% used [0x00000000d5880000,0x00000000d5880000,0x00000000d5d80000)
 ParOldGen       total 593920K, used 593429K [0x0000000080000000, 0x00000000a4400000, 0x00000000d5580000)
  object space 593920K, 99% used [0x0000000080000000,0x00000000a43854e8,0x00000000a4400000)
 Metaspace       used 65579K, committed 67136K, reserved 1114112K
  class space    used 6875K, committed 7552K, reserved 1048576K
}
Event: 15088.715 GC heap before
{Heap before GC invocations=534 (full 3):
 PSYoungGen      total 4608K, used 4608K [0x00000000d5580000, 0x00000000d6280000, 0x0000000100000000)
  eden space 3072K, 100% used [0x00000000d5580000,0x00000000d5880000,0x00000000d5880000)
  from space 1536K, 100% used [0x00000000d5e80000,0x00000000d6000000,0x00000000d6000000)
  to   space 5120K, 0% used [0x00000000d5880000,0x00000000d5880000,0x00000000d5d80000)
 ParOldGen       total 593920K, used 593429K [0x0000000080000000, 0x00000000a4400000, 0x00000000d5580000)
  object space 593920K, 99% used [0x0000000080000000,0x00000000a43854e8,0x00000000a4400000)
 Metaspace       used 65579K, committed 67136K, reserved 1114112K
  class space    used 6875K, committed 7552K, reserved 1048576K
}
Event: 15088.734 GC heap after
{Heap after GC invocations=534 (full 3):
 PSYoungGen      total 5632K, used 2280K [0x00000000d5580000, 0x00000000d5f80000, 0x0000000100000000)
  eden space 3072K, 0% used [0x00000000d5580000,0x00000000d5580000,0x00000000d5880000)
  from space 2560K, 89% used [0x00000000d5880000,0x00000000d5aba000,0x00000000d5b00000)
  to   space 3072K, 0% used [0x00000000d5c80000,0x00000000d5c80000,0x00000000d5f80000)
 ParOldGen       total 595456K, used 595013K [0x0000000080000000, 0x00000000a4580000, 0x00000000d5580000)
  object space 595456K, 99% used [0x0000000080000000,0x00000000a45114e8,0x00000000a4580000)
 Metaspace       used 65579K, committed 67136K, reserved 1114112K
  class space    used 6875K, committed 7552K, reserved 1048576K
}
Event: 15088.813 GC heap before
{Heap before GC invocations=535 (full 3):
 PSYoungGen      total 5632K, used 5346K [0x00000000d5580000, 0x00000000d5f80000, 0x0000000100000000)
  eden space 3072K, 99% used [0x00000000d5580000,0x00000000d587e9c0,0x00000000d5880000)
  from space 2560K, 89% used [0x00000000d5880000,0x00000000d5aba000,0x00000000d5b00000)
  to   space 3072K, 0% used [0x00000000d5c80000,0x00000000d5c80000,0x00000000d5f80000)
 ParOldGen       total 595456K, used 595013K [0x0000000080000000, 0x00000000a4580000, 0x00000000d5580000)
  object space 595456K, 99% used [0x0000000080000000,0x00000000a45114e8,0x00000000a4580000)
 Metaspace       used 65617K, committed 67136K, reserved 1114112K
  class space    used 6875K, committed 7552K, reserved 1048576K
}
Event: 15088.825 GC heap after
{Heap after GC invocations=535 (full 3):
 PSYoungGen      total 7168K, used 2832K [0x00000000d5580000, 0x00000000d5f80000, 0x0000000100000000)
  eden space 4096K, 0% used [0x00000000d5580000,0x00000000d5580000,0x00000000d5980000)
  from space 3072K, 92% used [0x00000000d5c80000,0x00000000d5f44000,0x00000000d5f80000)
  to   space 3072K, 0% used [0x00000000d5980000,0x00000000d5980000,0x00000000d5c80000)
 ParOldGen       total 597504K, used 597261K [0x0000000080000000, 0x00000000a4780000, 0x00000000d5580000)
  object space 597504K, 99% used [0x0000000080000000,0x00000000a47434e8,0x00000000a4780000)
 Metaspace       used 65617K, committed 67136K, reserved 1114112K
  class space    used 6875K, committed 7552K, reserved 1048576K
}
Event: 15089.113 GC heap before
{Heap before GC invocations=536 (full 3):
 PSYoungGen      total 7168K, used 6928K [0x00000000d5580000, 0x00000000d5f80000, 0x0000000100000000)
  eden space 4096K, 100% used [0x00000000d5580000,0x00000000d5980000,0x00000000d5980000)
  from space 3072K, 92% used [0x00000000d5c80000,0x00000000d5f44000,0x00000000d5f80000)
  to   space 3072K, 0% used [0x00000000d5980000,0x00000000d5980000,0x00000000d5c80000)
 ParOldGen       total 597504K, used 597261K [0x0000000080000000, 0x00000000a4780000, 0x00000000d5580000)
  object space 597504K, 99% used [0x0000000080000000,0x00000000a47434e8,0x00000000a4780000)
 Metaspace       used 65664K, committed 67200K, reserved 1114112K
  class space    used 6875K, committed 7552K, reserved 1048576K
}
Event: 15089.140 GC heap after
{Heap after GC invocations=536 (full 3):
 PSYoungGen      total 7168K, used 3047K [0x00000000d5580000, 0x00000000d6780000, 0x0000000100000000)
  eden space 4096K, 0% used [0x00000000d5580000,0x00000000d5580000,0x00000000d5980000)
  from space 3072K, 99% used [0x00000000d5980000,0x00000000d5c79ed0,0x00000000d5c80000)
  to   space 7168K, 0% used [0x00000000d6080000,0x00000000d6080000,0x00000000d6780000)
 ParOldGen       total 601600K, used 600541K [0x0000000080000000, 0x00000000a4b80000, 0x00000000d5580000)
  object space 601600K, 99% used [0x0000000080000000,0x00000000a4a774e8,0x00000000a4b80000)
 Metaspace       used 65664K, committed 67200K, reserved 1114112K
  class space    used 6875K, committed 7552K, reserved 1048576K
}
Event: 15089.165 GC heap before
{Heap before GC invocations=537 (full 3):
 PSYoungGen      total 7168K, used 7143K [0x00000000d5580000, 0x00000000d6780000, 0x0000000100000000)
  eden space 4096K, 100% used [0x00000000d5580000,0x00000000d5980000,0x00000000d5980000)
  from space 3072K, 99% used [0x00000000d5980000,0x00000000d5c79ed0,0x00000000d5c80000)
  to   space 7168K, 0% used [0x00000000d6080000,0x00000000d6080000,0x00000000d6780000)
 ParOldGen       total 601600K, used 600541K [0x0000000080000000, 0x00000000a4b80000, 0x00000000d5580000)
  object space 601600K, 99% used [0x0000000080000000,0x00000000a4a774e8,0x00000000a4b80000)
 Metaspace       used 65664K, committed 67200K, reserved 1114112K
  class space    used 6875K, committed 7552K, reserved 1048576K
}
Event: 15089.184 GC heap after
{Heap after GC invocations=537 (full 3):
 PSYoungGen      total 9728K, used 4192K [0x00000000d5580000, 0x00000000d6500000, 0x0000000100000000)
  eden space 5120K, 0% used [0x00000000d5580000,0x00000000d5580000,0x00000000d5a80000)
  from space 4608K, 90% used [0x00000000d6080000,0x00000000d6498000,0x00000000d6500000)
  to   space 5120K, 0% used [0x00000000d5b00000,0x00000000d5b00000,0x00000000d6000000)
 ParOldGen       total 603648K, used 603636K [0x0000000080000000, 0x00000000a4d80000, 0x00000000d5580000)
  object space 603648K, 99% used [0x0000000080000000,0x00000000a4d7d3b8,0x00000000a4d80000)
 Metaspace       used 65664K, committed 67200K, reserved 1114112K
  class space    used 6875K, committed 7552K, reserved 1048576K
}
Event: 15089.417 GC heap before
{Heap before GC invocations=538 (full 3):
 PSYoungGen      total 9728K, used 9311K [0x00000000d5580000, 0x00000000d6500000, 0x0000000100000000)
  eden space 5120K, 99% used [0x00000000d5580000,0x00000000d5a7ffd0,0x00000000d5a80000)
  from space 4608K, 90% used [0x00000000d6080000,0x00000000d6498000,0x00000000d6500000)
  to   space 5120K, 0% used [0x00000000d5b00000,0x00000000d5b00000,0x00000000d6000000)
 ParOldGen       total 603648K, used 603636K [0x0000000080000000, 0x00000000a4d80000, 0x00000000d5580000)
  object space 603648K, 99% used [0x0000000080000000,0x00000000a4d7d3b8,0x00000000a4d80000)
 Metaspace       used 65671K, committed 67200K, reserved 1114112K
  class space    used 6879K, committed 7552K, reserved 1048576K
}
Event: 15089.432 GC heap after
{Heap after GC invocations=538 (full 3):
 PSYoungGen      total 8704K, used 3456K [0x00000000d5580000, 0x00000000d6280000, 0x0000000100000000)
  eden space 5120K, 0% used [0x00000000d5580000,0x00000000d5580000,0x00000000d5a80000)
  from space 3584K, 96% used [0x00000000d5b00000,0x00000000d5e60000,0x00000000d5e80000)
  to   space 4096K, 0% used [0x00000000d5e80000,0x00000000d5e80000,0x00000000d6280000)
 ParOldGen       total 608256K, used 607748K [0x0000000080000000, 0x00000000a5200000, 0x00000000d5580000)
  object space 608256K, 99% used [0x0000000080000000,0x00000000a51813b8,0x00000000a5200000)
 Metaspace       used 65671K, committed 67200K, reserved 1114112K
  class space    used 6879K, committed 7552K, reserved 1048576K
}

Dll operation events (10 events):
Event: 0.015 Loaded shared library c:\Users\ZoroJuro\.cursor\extensions\redhat.java-1.50.0-win32-x64\jre\21.0.9-win32-x86_64\bin\java.dll
Event: 0.167 Loaded shared library c:\Users\ZoroJuro\.cursor\extensions\redhat.java-1.50.0-win32-x64\jre\21.0.9-win32-x86_64\bin\zip.dll
Event: 0.194 Loaded shared library C:\Users\ZoroJuro\.cursor\extensions\redhat.java-1.50.0-win32-x64\jre\21.0.9-win32-x86_64\bin\instrument.dll
Event: 0.202 Loaded shared library C:\Users\ZoroJuro\.cursor\extensions\redhat.java-1.50.0-win32-x64\jre\21.0.9-win32-x86_64\bin\net.dll
Event: 0.206 Loaded shared library C:\Users\ZoroJuro\.cursor\extensions\redhat.java-1.50.0-win32-x64\jre\21.0.9-win32-x86_64\bin\nio.dll
Event: 0.214 Loaded shared library C:\Users\ZoroJuro\.cursor\extensions\redhat.java-1.50.0-win32-x64\jre\21.0.9-win32-x86_64\bin\zip.dll
Event: 0.255 Loaded shared library C:\Users\ZoroJuro\.cursor\extensions\redhat.java-1.50.0-win32-x64\jre\21.0.9-win32-x86_64\bin\jimage.dll
Event: 0.379 Loaded shared library c:\Users\ZoroJuro\.cursor\extensions\redhat.java-1.50.0-win32-x64\jre\21.0.9-win32-x86_64\bin\verify.dll
Event: 2.405 Loaded shared library C:\Users\ZoroJuro\AppData\Roaming\Cursor\User\globalStorage\redhat.java\1.50.0\config_win\org.eclipse.equinox.launcher\org.eclipse.equinox.launcher.win32.win32.x86_64_1.2.1400.v20250801-0854\eclipse_11916.dll
Event: 7.149 Loaded shared library C:\Users\ZoroJuro\AppData\Local\Temp\jna-1036355642\jna4473730454348991644.dll

Deoptimization events (20 events):
Event: 408.407 Thread 0x0000020b9b2be000 DEOPT PACKING pc=0x0000020b41b1cd06 sp=0x000000a981ffeae0
Event: 408.408 Thread 0x0000020b9b2be000 DEOPT UNPACKING pc=0x0000020b47d94242 sp=0x000000a981ffdfa8 mode 0
Event: 708.453 Thread 0x0000020b9e910de0 Uncommon trap: trap_request=0xffffff45 fr.pc=0x0000020b48983248 relative=0x0000000000000188
Event: 708.453 Thread 0x0000020b9e910de0 Uncommon trap: reason=unstable_if action=reinterpret pc=0x0000020b48983248 method=java.io.ObjectOutputStream$HandleTable.lookup(Ljava/lang/Object;)I @ 4 c2
Event: 708.453 Thread 0x0000020b9e910de0 DEOPT PACKING pc=0x0000020b48983248 sp=0x000000a9820feeb0
Event: 708.454 Thread 0x0000020b9e910de0 DEOPT UNPACKING pc=0x0000020b47d93aa2 sp=0x000000a9820fee40 mode 2
Event: 14797.930 Thread 0x0000020b9f3302f0 DEOPT PACKING pc=0x0000020b41af0f0b sp=0x000000a9821fe510
Event: 14797.935 Thread 0x0000020b9f3302f0 DEOPT UNPACKING pc=0x0000020b47d94242 sp=0x000000a9821fd9f8 mode 0
Event: 15058.431 Thread 0x0000020b9e368060 DEOPT PACKING pc=0x0000020b4082ab4b sp=0x000000a9836fe260
Event: 15058.432 Thread 0x0000020b9e368060 DEOPT UNPACKING pc=0x0000020b47d94242 sp=0x000000a9836fd758 mode 0
Event: 15067.136 Thread 0x0000020b9f32c150 Uncommon trap: trap_request=0xffffff45 fr.pc=0x0000020b489450e8 relative=0x0000000000001e68
Event: 15067.136 Thread 0x0000020b9f32c150 Uncommon trap: reason=unstable_if action=reinterpret pc=0x0000020b489450e8 method=org.eclipse.jdt.internal.compiler.parser.Parser.consumeToken(Lorg/eclipse/jdt/internal/compiler/parser/TerminalToken;)V @ 8 c2
Event: 15067.136 Thread 0x0000020b9f32c150 DEOPT PACKING pc=0x0000020b489450e8 sp=0x000000a9823fe1d0
Event: 15067.136 Thread 0x0000020b9f32c150 DEOPT UNPACKING pc=0x0000020b47d93aa2 sp=0x000000a9823fe1b8 mode 2
Event: 15076.851 Thread 0x0000020b9f32c7e0 DEOPT PACKING pc=0x0000020b41d4bf0a sp=0x000000a9824fb300
Event: 15076.854 Thread 0x0000020b9f32c7e0 DEOPT UNPACKING pc=0x0000020b47d94242 sp=0x000000a9824fa818 mode 0
Event: 15077.190 Thread 0x0000020b9f3302f0 Uncommon trap: trap_request=0xffffff6e fr.pc=0x0000020b489e1510 relative=0x0000000000000630
Event: 15077.190 Thread 0x0000020b9f3302f0 Uncommon trap: reason=loop_limit_check action=maybe_recompile pc=0x0000020b489e1510 method=org.codehaus.plexus.util.SelectorUtils.matchAntPathPattern([[C[[CZ)Z @ 231 c2
Event: 15077.191 Thread 0x0000020b9f3302f0 DEOPT PACKING pc=0x0000020b489e1510 sp=0x000000a9821fd910
Event: 15077.191 Thread 0x0000020b9f3302f0 DEOPT UNPACKING pc=0x0000020b47d93aa2 sp=0x000000a9821fd860 mode 2

Classes loaded (20 events):
Event: 99.553 Loading class java/util/stream/ReferencePipeline$4$1
Event: 99.554 Loading class java/util/stream/ReferencePipeline$4$1 done
Event: 139.328 Loading class java/util/ArrayDeque$DeqSpliterator
Event: 139.329 Loading class java/util/ArrayDeque$DeqSpliterator done
Event: 392.968 Loading class java/util/stream/Nodes$CollectorTask$OfRef
Event: 392.972 Loading class java/util/stream/Nodes$CollectorTask
Event: 392.984 Loading class java/util/stream/Nodes$CollectorTask done
Event: 392.984 Loading class java/util/stream/Nodes$CollectorTask$OfRef done
Event: 392.985 Loading class java/util/function/LongFunction
Event: 392.986 Loading class java/util/function/LongFunction done
Event: 392.989 Loading class java/util/stream/Nodes$ConcNode
Event: 392.991 Loading class java/util/stream/Nodes$AbstractConcNode
Event: 392.994 Loading class java/util/stream/Nodes$AbstractConcNode done
Event: 392.994 Loading class java/util/stream/Nodes$ConcNode done
Event: 393.132 Loading class java/io/ObjectOutputStream$BlockDataOutputStream
Event: 393.135 Loading class java/io/ObjectOutputStream$BlockDataOutputStream done
Event: 393.135 Loading class java/io/ObjectOutputStream$HandleTable
Event: 393.136 Loading class java/io/ObjectOutputStream$HandleTable done
Event: 393.136 Loading class java/io/ObjectOutputStream$ReplaceTable
Event: 393.137 Loading class java/io/ObjectOutputStream$ReplaceTable done

Classes unloaded (11 events):
Event: 8.024 Thread 0x0000020b3d5a3870 Unloading class 0x0000020b551acc00 'java/lang/invoke/LambdaForm$MH+0x0000020b551acc00'
Event: 8.024 Thread 0x0000020b3d5a3870 Unloading class 0x0000020b551ac800 'java/lang/invoke/LambdaForm$MH+0x0000020b551ac800'
Event: 8.024 Thread 0x0000020b3d5a3870 Unloading class 0x0000020b551ac400 'java/lang/invoke/LambdaForm$MH+0x0000020b551ac400'
Event: 8.024 Thread 0x0000020b3d5a3870 Unloading class 0x0000020b551ac000 'java/lang/invoke/LambdaForm$MH+0x0000020b551ac000'
Event: 8.024 Thread 0x0000020b3d5a3870 Unloading class 0x0000020b551abc00 'java/lang/invoke/LambdaForm$BMH+0x0000020b551abc00'
Event: 8.024 Thread 0x0000020b3d5a3870 Unloading class 0x0000020b551ab800 'java/lang/invoke/LambdaForm$DMH+0x0000020b551ab800'
Event: 8.024 Thread 0x0000020b3d5a3870 Unloading class 0x0000020b551aa400 'java/lang/invoke/LambdaForm$DMH+0x0000020b551aa400'
Event: 97.255 Thread 0x0000020b3d5a3870 Unloading class 0x0000020b55608c00 'java/lang/invoke/LambdaForm$DMH+0x0000020b55608c00'
Event: 97.255 Thread 0x0000020b3d5a3870 Unloading class 0x0000020b55608400 'java/lang/invoke/LambdaForm$DMH+0x0000020b55608400'
Event: 97.255 Thread 0x0000020b3d5a3870 Unloading class 0x0000020b55608800 'java/lang/invoke/LambdaForm$DMH+0x0000020b55608800'
Event: 97.255 Thread 0x0000020b3d5a3870 Unloading class 0x0000020b55601400 'java/lang/invoke/LambdaForm$DMH+0x0000020b55601400'

Classes redefined (0 events):
No events

Internal exceptions (20 events):
Event: 378.123 Thread 0x0000020b9b2bb210 Exception <a 'sun/nio/fs/WindowsException'{0x00000000d563d5a8}> (0x00000000d563d5a8) 
thrown [s\src\hotspot\share\prims\jni.cpp, line 520]
Event: 378.945 Thread 0x0000020b9b2bb210 Exception <a 'sun/nio/fs/WindowsException'{0x00000000d56d7190}> (0x00000000d56d7190) 
thrown [s\src\hotspot\share\prims\jni.cpp, line 520]
Event: 392.302 Thread 0x0000020b9b2bb210 Exception <a 'sun/nio/fs/WindowsException'{0x00000000d55f24a8}> (0x00000000d55f24a8) 
thrown [s\src\hotspot\share\prims\jni.cpp, line 520]
Event: 392.873 Thread 0x0000020b9b2bb210 Exception <a 'sun/nio/fs/WindowsException'{0x00000000d56d8a40}> (0x00000000d56d8a40) 
thrown [s\src\hotspot\share\prims\jni.cpp, line 520]
Event: 393.099 Thread 0x0000020b9f3316a0 Exception <a 'sun/nio/fs/WindowsException'{0x00000000d57e25b8}> (0x00000000d57e25b8) 
thrown [s\src\hotspot\share\prims\jni.cpp, line 520]
Event: 393.099 Thread 0x0000020b9f3316a0 Exception <a 'sun/nio/fs/WindowsException'{0x00000000d57e30e8}> (0x00000000d57e30e8) 
thrown [s\src\hotspot\share\prims\jni.cpp, line 520]
Event: 393.108 Thread 0x0000020b9f3316a0 Implicit null exception at 0x0000020b488e2386 to 0x0000020b488e26b0
Event: 393.225 Thread 0x0000020b9f3316a0 Implicit null exception at 0x0000020b4895e7ba to 0x0000020b4895e7f4
Event: 393.239 Thread 0x0000020b9f3316a0 Exception <a 'java/lang/NoSuchMethodError'{0x00000000d5879408}: static [J.<clinit>()V> (0x00000000d5879408) 
thrown [s\src\hotspot\share\prims\jni.cpp, line 1111]
Event: 393.296 Thread 0x0000020b9f3316a0 Exception <a 'java/lang/NoSuchMethodError'{0x00000000d55ae778}: 'java.lang.Object java.lang.invoke.DirectMethodHandle$Holder.newInvokeSpecial(java.lang.Object, java.lang.Object, java.lang.Object, java.lang.Object, java.lang.Object, java.lang.Object, java.lang.Object, java.lang.Object)'> (0x00000000d55ae778) 
thrown [s\src\hotspot\share\interpreter\linkResolver.cpp, line 773]
Event: 708.441 Thread 0x0000020b9e910de0 Exception <a 'sun/nio/fs/WindowsException'{0x00000000d57eeaa8}> (0x00000000d57eeaa8) 
thrown [s\src\hotspot\share\prims\jni.cpp, line 520]
Event: 708.444 Thread 0x0000020b9e910de0 Exception <a 'sun/nio/fs/WindowsException'{0x00000000d57efad0}> (0x00000000d57efad0) 
thrown [s\src\hotspot\share\prims\jni.cpp, line 520]
Event: 15060.618 Thread 0x0000020b9b2bb210 Exception <a 'sun/nio/fs/WindowsException'{0x00000000d576fd18}> (0x00000000d576fd18) 
thrown [s\src\hotspot\share\prims\jni.cpp, line 520]
Event: 15062.465 Thread 0x0000020b9b2bb210 Exception <a 'sun/nio/fs/WindowsException'{0x00000000d5748278}> (0x00000000d5748278) 
thrown [s\src\hotspot\share\prims\jni.cpp, line 520]
Event: 15066.923 Thread 0x0000020b9b2bb210 Exception <a 'sun/nio/fs/WindowsException'{0x00000000d56df718}> (0x00000000d56df718) 
thrown [s\src\hotspot\share\prims\jni.cpp, line 520]
Event: 15067.732 Thread 0x0000020b9b2bb210 Exception <a 'sun/nio/fs/WindowsException'{0x00000000d592b538}> (0x00000000d592b538) 
thrown [s\src\hotspot\share\prims\jni.cpp, line 520]
Event: 15076.670 Thread 0x0000020b9b2bb210 Exception <a 'sun/nio/fs/WindowsException'{0x00000000d56798a8}> (0x00000000d56798a8) 
thrown [s\src\hotspot\share\prims\jni.cpp, line 520]
Event: 15077.479 Thread 0x0000020b9b2bb210 Exception <a 'sun/nio/fs/WindowsException'{0x00000000d55e4748}> (0x00000000d55e4748) 
thrown [s\src\hotspot\share\prims\jni.cpp, line 520]
Event: 15088.188 Thread 0x0000020b9b2bb210 Exception <a 'sun/nio/fs/WindowsException'{0x00000000d55954c0}> (0x00000000d55954c0) 
thrown [s\src\hotspot\share\prims\jni.cpp, line 520]
Event: 15089.366 Thread 0x0000020b9b2bb210 Exception <a 'sun/nio/fs/WindowsException'{0x00000000d589e9c8}> (0x00000000d589e9c8) 
thrown [s\src\hotspot\share\prims\jni.cpp, line 520]

ZGC Phase Switch (0 events):
No events

VM Operations (20 events):
Event: 15088.419 Executing VM operation: ParallelGCFailedAllocation (Allocation Failure)
Event: 15088.439 Executing VM operation: ParallelGCFailedAllocation (Allocation Failure) done
Event: 15088.446 Executing VM operation: ParallelGCFailedAllocation (Allocation Failure)
Event: 15088.465 Executing VM operation: ParallelGCFailedAllocation (Allocation Failure) done
Event: 15088.474 Executing VM operation: ParallelGCFailedAllocation (Allocation Failure)
Event: 15088.483 Executing VM operation: ParallelGCFailedAllocation (Allocation Failure) done
Event: 15088.500 Executing VM operation: ParallelGCFailedAllocation (Allocation Failure)
Event: 15088.509 Executing VM operation: ParallelGCFailedAllocation (Allocation Failure) done
Event: 15088.645 Executing VM operation: ParallelGCFailedAllocation (Allocation Failure)
Event: 15088.734 Executing VM operation: ParallelGCFailedAllocation (Allocation Failure) done
Event: 15088.812 Executing VM operation: ParallelGCFailedAllocation (Allocation Failure)
Event: 15088.825 Executing VM operation: ParallelGCFailedAllocation (Allocation Failure) done
Event: 15089.105 Executing VM operation: ParallelGCFailedAllocation (Allocation Failure)
Event: 15089.140 Executing VM operation: ParallelGCFailedAllocation (Allocation Failure) done
Event: 15089.162 Executing VM operation: ParallelGCFailedAllocation (Allocation Failure)
Event: 15089.184 Executing VM operation: ParallelGCFailedAllocation (Allocation Failure) done
Event: 15089.417 Executing VM operation: ParallelGCFailedAllocation (Allocation Failure)
Event: 15089.432 Executing VM operation: ParallelGCFailedAllocation (Allocation Failure) done
Event: 15090.433 Executing VM operation: Cleanup
Event: 15090.433 Executing VM operation: Cleanup done

Memory protections (0 events):
No events

Nmethod flushes (20 events):
Event: 97.377 Thread 0x0000020b3d5a3870 flushing osr nmethod 0x0000020b41040290
Event: 97.377 Thread 0x0000020b3d5a3870 flushing  nmethod 0x0000020b41048d10
Event: 97.377 Thread 0x0000020b3d5a3870 flushing  nmethod 0x0000020b41062010
Event: 97.377 Thread 0x0000020b3d5a3870 flushing  nmethod 0x0000020b41069090
Event: 97.377 Thread 0x0000020b3d5a3870 flushing  nmethod 0x0000020b410b6110
Event: 97.377 Thread 0x0000020b3d5a3870 flushing  nmethod 0x0000020b410c3310
Event: 97.377 Thread 0x0000020b3d5a3870 flushing  nmethod 0x0000020b410c3f90
Event: 97.377 Thread 0x0000020b3d5a3870 flushing  nmethod 0x0000020b410c4790
Event: 97.377 Thread 0x0000020b3d5a3870 flushing  nmethod 0x0000020b410c4d10
Event: 97.377 Thread 0x0000020b3d5a3870 flushing  nmethod 0x0000020b410c6a90
Event: 97.377 Thread 0x0000020b3d5a3870 flushing  nmethod 0x0000020b410c7c90
Event: 97.377 Thread 0x0000020b3d5a3870 flushing  nmethod 0x0000020b410c8210
Event: 97.377 Thread 0x0000020b3d5a3870 flushing  nmethod 0x0000020b410ca610
Event: 97.377 Thread 0x0000020b3d5a3870 flushing  nmethod 0x0000020b410cab10
Event: 97.377 Thread 0x0000020b3d5a3870 flushing  nmethod 0x0000020b410cbd10
Event: 97.377 Thread 0x0000020b3d5a3870 flushing  nmethod 0x0000020b410cc510
Event: 97.377 Thread 0x0000020b3d5a3870 flushing  nmethod 0x0000020b410f3a10
Event: 97.377 Thread 0x0000020b3d5a3870 flushing  nmethod 0x0000020b41109690
Event: 97.377 Thread 0x0000020b3d5a3870 flushing  nmethod 0x0000020b4110a510
Event: 97.377 Thread 0x0000020b3d5a3870 flushing  nmethod 0x0000020b4110ab10

Events (20 events):
Event: 579.699 Thread 0x0000020b9e90fa30 Thread exited: 0x0000020b9e90fa30
Event: 639.709 Thread 0x0000020b9e90e680 Thread exited: 0x0000020b9e90e680
Event: 656.365 Thread 0x0000020b9e90d2d0 Thread exited: 0x0000020b9e90d2d0
Event: 678.335 Thread 0x0000020b9b2bb8a0 Thread exited: 0x0000020b9b2bb8a0
Event: 692.419 Thread 0x0000020b9e912820 Thread exited: 0x0000020b9e912820
Event: 699.727 Thread 0x0000020b9e90d960 Thread exited: 0x0000020b9e90d960
Event: 708.410 Thread 0x0000020b9e910de0 Thread added: 0x0000020b9f3302f0
Event: 708.417 Thread 0x0000020b9f3302f0 Thread exited: 0x0000020b9f3302f0
Event: 708.446 Thread 0x0000020b9e910de0 Thread added: 0x0000020b9f331d30
Event: 708.447 Thread 0x0000020b9f331d30 Thread exited: 0x0000020b9f331d30
Event: 708.618 Thread 0x0000020b9e910de0 Thread added: 0x0000020b9f3302f0
Event: 768.623 Thread 0x0000020b9b2be000 Thread exited: 0x0000020b9b2be000
Event: 15061.805 Thread 0x0000020b9f3302f0 Thread added: 0x0000020b9f32ce70
Event: 15062.483 Thread 0x0000020b9e910de0 Thread added: 0x0000020b9f32c150
Event: 15062.680 Thread 0x0000020b9f3302f0 Thread added: 0x0000020b9f32c7e0
Event: 15067.065 Thread 0x0000020b9f32c150 Thread added: 0x0000020b9f32f5d0
Event: 15067.245 Thread 0x0000020b9b010fa0 Thread added: 0x0000020b9fae2950
Event: 15072.787 Thread 0x0000020b9fae2950 Thread exited: 0x0000020b9fae2950
Event: 15076.589 Thread 0x0000020b9f3302f0 Thread added: 0x0000020b9f32db90
Event: 15087.972 Thread 0x0000020b9f32c150 Thread added: 0x0000020b9f32bac0


Dynamic libraries:
0x00007ff6dd320000 - 0x00007ff6dd32e000 	c:\Users\ZoroJuro\.cursor\extensions\redhat.java-1.50.0-win32-x64\jre\21.0.9-win32-x86_64\bin\java.exe
0x00007fff6af30000 - 0x00007fff6b128000 	C:\WINDOWS\SYSTEM32\ntdll.dll
0x00007fff6a8b0000 - 0x00007fff6a972000 	C:\WINDOWS\System32\KERNEL32.DLL
0x00007fff68aa0000 - 0x00007fff68d96000 	C:\WINDOWS\System32\KERNELBASE.dll
0x00007fff68840000 - 0x00007fff68940000 	C:\WINDOWS\System32\ucrtbase.dll
0x00007ffef1c30000 - 0x00007ffef1c48000 	c:\Users\ZoroJuro\.cursor\extensions\redhat.java-1.50.0-win32-x64\jre\21.0.9-win32-x86_64\bin\jli.dll
0x00007fff690c0000 - 0x00007fff6925d000 	C:\WINDOWS\System32\USER32.dll
0x00007fff68da0000 - 0x00007fff68dc2000 	C:\WINDOWS\System32\win32u.dll
0x00007fff69090000 - 0x00007fff690bb000 	C:\WINDOWS\System32\GDI32.dll
0x00007fff68670000 - 0x00007fff68789000 	C:\WINDOWS\System32\gdi32full.dll
0x00007fff68dd0000 - 0x00007fff68e6d000 	C:\WINDOWS\System32\msvcp_win.dll
0x00007ffed5690000 - 0x00007ffed56ae000 	c:\Users\ZoroJuro\.cursor\extensions\redhat.java-1.50.0-win32-x64\jre\21.0.9-win32-x86_64\bin\VCRUNTIME140.dll
0x00007fff5a450000 - 0x00007fff5a6ea000 	C:\WINDOWS\WinSxS\amd64_microsoft.windows.common-controls_6595b64144ccf1df_6.0.19041.5915_none_60b4b9d171f9c7c7\COMCTL32.dll
0x00007fff6a0a0000 - 0x00007fff6a13e000 	C:\WINDOWS\System32\msvcrt.dll
0x00007fff6a880000 - 0x00007fff6a8af000 	C:\WINDOWS\System32\IMM32.DLL
0x00007fff21630000 - 0x00007fff2163c000 	c:\Users\ZoroJuro\.cursor\extensions\redhat.java-1.50.0-win32-x64\jre\21.0.9-win32-x86_64\bin\vcruntime140_1.dll
0x00007ffe6b850000 - 0x00007ffe6b8dd000 	c:\Users\ZoroJuro\.cursor\extensions\redhat.java-1.50.0-win32-x64\jre\21.0.9-win32-x86_64\bin\msvcp140.dll
0x00007ffe674e0000 - 0x00007ffe68280000 	c:\Users\ZoroJuro\.cursor\extensions\redhat.java-1.50.0-win32-x64\jre\21.0.9-win32-x86_64\bin\server\jvm.dll
0x00007fff6a7c0000 - 0x00007fff6a871000 	C:\WINDOWS\System32\ADVAPI32.dll
0x00007fff6ada0000 - 0x00007fff6ae3f000 	C:\WINDOWS\System32\sechost.dll
0x00007fff68f50000 - 0x00007fff69073000 	C:\WINDOWS\System32\RPCRT4.dll
0x00007fff685c0000 - 0x00007fff685e7000 	C:\WINDOWS\System32\bcrypt.dll
0x00007fff6ac00000 - 0x00007fff6ac6b000 	C:\WINDOWS\System32\WS2_32.dll
0x00007fff67b00000 - 0x00007fff67b4b000 	C:\WINDOWS\SYSTEM32\POWRPROF.dll
0x00007fff59880000 - 0x00007fff598a7000 	C:\WINDOWS\SYSTEM32\WINMM.dll
0x00007fff610b0000 - 0x00007fff610ba000 	C:\WINDOWS\SYSTEM32\VERSION.dll
0x00007fff679c0000 - 0x00007fff679d2000 	C:\WINDOWS\SYSTEM32\UMPDC.dll
0x00007fff66440000 - 0x00007fff66452000 	C:\WINDOWS\SYSTEM32\kernel.appcore.dll
0x00007fff1c5a0000 - 0x00007fff1c5aa000 	c:\Users\ZoroJuro\.cursor\extensions\redhat.java-1.50.0-win32-x64\jre\21.0.9-win32-x86_64\bin\jimage.dll
0x00007fff58260000 - 0x00007fff58461000 	C:\WINDOWS\SYSTEM32\DBGHELP.DLL
0x00007fff5ca80000 - 0x00007fff5cab4000 	C:\WINDOWS\SYSTEM32\dbgcore.DLL
0x00007fff68e70000 - 0x00007fff68ef2000 	C:\WINDOWS\System32\bcryptPrimitives.dll
0x00007fff1bdb0000 - 0x00007fff1bdbf000 	c:\Users\ZoroJuro\.cursor\extensions\redhat.java-1.50.0-win32-x64\jre\21.0.9-win32-x86_64\bin\instrument.dll
0x00007ffed35a0000 - 0x00007ffed35c0000 	c:\Users\ZoroJuro\.cursor\extensions\redhat.java-1.50.0-win32-x64\jre\21.0.9-win32-x86_64\bin\java.dll
0x00007fff69260000 - 0x00007fff699ce000 	C:\WINDOWS\System32\SHELL32.dll
0x00007fff66640000 - 0x00007fff66de4000 	C:\WINDOWS\SYSTEM32\windows.storage.dll
0x00007fff69cc0000 - 0x00007fff6a013000 	C:\WINDOWS\System32\combase.dll
0x00007fff67ff0000 - 0x00007fff6801b000 	C:\WINDOWS\SYSTEM32\Wldp.dll
0x00007fff6ac70000 - 0x00007fff6ad3d000 	C:\WINDOWS\System32\OLEAUT32.dll
0x00007fff6ae40000 - 0x00007fff6aeed000 	C:\WINDOWS\System32\SHCORE.dll
0x00007fff6a040000 - 0x00007fff6a09b000 	C:\WINDOWS\System32\shlwapi.dll
0x00007fff684f0000 - 0x00007fff68515000 	C:\WINDOWS\SYSTEM32\profapi.dll
0x00007ffed3580000 - 0x00007ffed3598000 	c:\Users\ZoroJuro\.cursor\extensions\redhat.java-1.50.0-win32-x64\jre\21.0.9-win32-x86_64\bin\zip.dll
0x00007fff0c850000 - 0x00007fff0c860000 	C:\Users\ZoroJuro\.cursor\extensions\redhat.java-1.50.0-win32-x64\jre\21.0.9-win32-x86_64\bin\net.dll
0x00007fff5fc60000 - 0x00007fff5fd6a000 	C:\WINDOWS\SYSTEM32\WINHTTP.dll
0x00007fff67d50000 - 0x00007fff67dba000 	C:\WINDOWS\system32\mswsock.dll
0x00007ffed21e0000 - 0x00007ffed21f6000 	C:\Users\ZoroJuro\.cursor\extensions\redhat.java-1.50.0-win32-x64\jre\21.0.9-win32-x86_64\bin\nio.dll
0x00007fff087b0000 - 0x00007fff087c0000 	c:\Users\ZoroJuro\.cursor\extensions\redhat.java-1.50.0-win32-x64\jre\21.0.9-win32-x86_64\bin\verify.dll
0x00007ffe8efa0000 - 0x00007ffe8efe4000 	C:\Users\ZoroJuro\AppData\Roaming\Cursor\User\globalStorage\redhat.java\1.50.0\config_win\org.eclipse.equinox.launcher\org.eclipse.equinox.launcher.win32.win32.x86_64_1.2.1400.v20250801-0854\eclipse_11916.dll
0x00007fff6a9e0000 - 0x00007fff6ab0b000 	C:\WINDOWS\System32\ole32.dll
0x00007fff67f50000 - 0x00007fff67f68000 	C:\WINDOWS\SYSTEM32\CRYPTSP.dll
0x00007fff67600000 - 0x00007fff67638000 	C:\WINDOWS\system32\rsaenh.dll
0x00007fff68470000 - 0x00007fff6849e000 	C:\WINDOWS\SYSTEM32\USERENV.dll
0x00007fff67f40000 - 0x00007fff67f4c000 	C:\WINDOWS\SYSTEM32\CRYPTBASE.dll
0x00007fff679e0000 - 0x00007fff67a1b000 	C:\WINDOWS\SYSTEM32\IPHLPAPI.DLL
0x00007fff69c30000 - 0x00007fff69c38000 	C:\WINDOWS\System32\NSI.dll
0x00007ffe65d50000 - 0x00007ffe65d99000 	C:\Users\ZoroJuro\AppData\Local\Temp\jna-1036355642\jna4473730454348991644.dll
0x00007fff6ab10000 - 0x00007fff6ab18000 	C:\WINDOWS\System32\PSAPI.DLL
0x00007fff602f0000 - 0x00007fff60307000 	C:\WINDOWS\SYSTEM32\dhcpcsvc6.DLL
0x00007fff611d0000 - 0x00007fff611ed000 	C:\WINDOWS\SYSTEM32\dhcpcsvc.DLL
0x00007fff67850000 - 0x00007fff67883000 	C:\WINDOWS\SYSTEM32\ntmarta.dll

JVMTI agents:
c:\Users\ZoroJuro\.cursor\extensions\redhat.java-1.50.0-win32-x64\lombok\lombok-1.18.39-4050.jar path:c:\Users\ZoroJuro\.cursor\extensions\redhat.java-1.50.0-win32-x64\jre\21.0.9-win32-x86_64\bin\instrument.dll, loaded, initialized, instrumentlib options:none

dbghelp: loaded successfully - version: 4.0.5 - missing functions: none
symbol engine: initialized successfully - sym options: 0x614 - pdb path: .;c:\Users\ZoroJuro\.cursor\extensions\redhat.java-1.50.0-win32-x64\jre\21.0.9-win32-x86_64\bin;C:\WINDOWS\SYSTEM32;C:\WINDOWS\WinSxS\amd64_microsoft.windows.common-controls_6595b64144ccf1df_6.0.19041.5915_none_60b4b9d171f9c7c7;c:\Users\ZoroJuro\.cursor\extensions\redhat.java-1.50.0-win32-x64\jre\21.0.9-win32-x86_64\bin\server;C:\Users\ZoroJuro\AppData\Roaming\Cursor\User\globalStorage\redhat.java\1.50.0\config_win\org.eclipse.equinox.launcher\org.eclipse.equinox.launcher.win32.win32.x86_64_1.2.1400.v20250801-0854;C:\Users\ZoroJuro\AppData\Local\Temp\jna-1036355642

VM Arguments:
jvm_args: --add-modules=ALL-SYSTEM --add-opens=java.base/java.util=ALL-UNNAMED --add-opens=java.base/java.lang=ALL-UNNAMED --add-opens=java.base/sun.nio.fs=ALL-UNNAMED -Declipse.application=org.eclipse.jdt.ls.core.id1 -Dosgi.bundles.defaultStartLevel=4 -Declipse.product=org.eclipse.jdt.ls.core.product -Djava.import.generatesMetadataFilesAtProjectRoot=false -DDetectVMInstallationsJob.disabled=true -Dfile.encoding=utf8 -XX:+UseParallelGC -XX:GCTimeRatio=4 -XX:AdaptiveSizePolicyWeight=90 -Dsun.zip.disableMemoryMapping=true -Xmx2G -Xms100m -Xlog:disable -javaagent:c:\Users\ZoroJuro\.cursor\extensions\redhat.java-1.50.0-win32-x64\lombok\lombok-1.18.39-4050.jar -XX:+HeapDumpOnOutOfMemoryError -XX:HeapDumpPath=c:\Users\ZoroJuro\AppData\Roaming\Cursor\User\workspaceStorage\2ab95318bcd0b7ba4057b4e1a5ca08e4\redhat.java -Daether.dependencyCollector.impl=bf 
java_command: c:\Users\ZoroJuro\.cursor\extensions\redhat.java-1.50.0-win32-x64\server\plugins\org.eclipse.equinox.launcher_1.7.100.v20251111-0406.jar -configuration c:\Users\ZoroJuro\AppData\Roaming\Cursor\User\globalStorage\redhat.java\1.50.0\config_win -data c:\Users\ZoroJuro\AppData\Roaming\Cursor\User\workspaceStorage\2ab95318bcd0b7ba4057b4e1a5ca08e4\redhat.java\jdt_ws --pipe=\\.\pipe\lsp-4207cc3f606ce4f7f31bf1e41e819ea8-sock
java_class_path (initial): c:\Users\ZoroJuro\.cursor\extensions\redhat.java-1.50.0-win32-x64\server\plugins\org.eclipse.equinox.launcher_1.7.100.v20251111-0406.jar
Launcher Type: SUN_STANDARD

[Global flags]
    uintx AdaptiveSizePolicyWeight                 = 90                                        {product} {command line}
     intx CICompilerCount                          = 4                                         {product} {ergonomic}
    uintx GCTimeRatio                              = 4                                         {product} {command line}
     bool HeapDumpOnOutOfMemoryError               = true                                   {manageable} {command line}
    ccstr HeapDumpPath                             = c:\Users\ZoroJuro\AppData\Roaming\Cursor\User\workspaceStorage\2ab95318bcd0b7ba4057b4e1a5ca08e4\redhat.java         {manageable} {command line}
   size_t InitialHeapSize                          = 104857600                                 {product} {command line}
   size_t MaxHeapSize                              = 2147483648                                {product} {command line}
   size_t MaxNewSize                               = 715653120                                 {product} {ergonomic}
   size_t MinHeapDeltaBytes                        = 524288                                    {product} {ergonomic}
   size_t MinHeapSize                              = 104857600                                 {product} {command line}
   size_t NewSize                                  = 34603008                                  {product} {ergonomic}
    uintx NonNMethodCodeHeapSize                   = 5839372                                {pd product} {ergonomic}
    uintx NonProfiledCodeHeapSize                  = 122909434                              {pd product} {ergonomic}
   size_t OldSize                                  = 70254592                                  {product} {ergonomic}
    uintx ProfiledCodeHeapSize                     = 122909434                              {pd product} {ergonomic}
    uintx ReservedCodeCacheSize                    = 251658240                              {pd product} {ergonomic}
     bool SegmentedCodeCache                       = true                                      {product} {ergonomic}
   size_t SoftMaxHeapSize                          = 2147483648                             {manageable} {ergonomic}
     bool UseCompressedOops                        = true                           {product lp64_product} {ergonomic}
     bool UseLargePagesIndividualAllocation        = false                                  {pd product} {ergonomic}
     bool UseParallelGC                            = true                                      {product} {command line}

Logging:
Log output configuration:
 #0: stdout all=off uptime,level,tags foldmultilines=false
 #1: stderr all=off uptime,level,tags foldmultilines=false

Release file:
JAVA_VERSION="21.0.9" 
MODULES="java.base java.compiler java.datatransfer java.xml java.prefs java.desktop java.instrument java.logging java.management java.security.sasl java.naming java.rmi java.management.rmi java.net.http java.scripting java.security.jgss java.transaction.xa java.sql java.sql.rowset java.xml.crypto java.se java.smartcardio jdk.accessibility jdk.internal.jvmstat jdk.attach jdk.charsets jdk.internal.opt jdk.zipfs jdk.compiler jdk.crypto.ec jdk.crypto.cryptoki jdk.crypto.mscapi jdk.dynalink jdk.internal.ed jdk.editpad jdk.hotspot.agent jdk.httpserver jdk.internal.le jdk.internal.vm.ci jdk.internal.vm.compiler jdk.internal.vm.compiler.management jdk.jartool jdk.javadoc jdk.jcmd jdk.management jdk.management.agent jdk.jconsole jdk.jdeps jdk.jdwp.agent jdk.jdi jdk.jfr jdk.jshell jdk.jsobject jdk.jstatd jdk.localedata jdk.management.jfr jdk.naming.dns jdk.naming.rmi jdk.net jdk.nio.mapmode jdk.random jdk.sctp jdk.security.auth jdk.security.jgss jdk.unsupported jdk.unsupported.desktop jdk.xml.dom" 

Environment Variables:
PATH=C:\Program Files\Common Files\Oracle\Java\javapath;C:\Program Files (x86)\Common Files\Oracle\Java\javapath;C:\WINDOWS\system32;C:\WINDOWS;C:\WINDOWS\System32\Wbem;C:\WINDOWS\System32\WindowsPowerShell\v1.0\;C:\WINDOWS\System32\OpenSSH\;C:\Program Files\Git\cmd;C:\Program Files (x86)\NVIDIA Corporation\PhysX\Common;C:\Program Files\Java\jdk-23\bin;;C:\Program Files\NVIDIA Corporation\NVIDIA app\NvDLISR;C:\Program Files\nodejs\;C:\Program Files\dotnet\;C:\Program Files\Microsoft SQL Server\140\Tools\Binn\;C:\Program Files\cursor\resources\app\bin;c:\Users\ZoroJuro\AppData\Local\Programs\Trae\bin;C:\Users\ZoroJuro\AppData\Local\Microsoft\WindowsApps;C:\Users\ZoroJuro\AppData\Local\Programs\Microsoft VS Code\bin;C:\Users\ZoroJuro\AppData\Local\GitHubDesktop\bin;C:\Users\ZoroJuro\AppData\Roaming\npm
USERNAME=ZoroJuro
OS=Windows_NT
PROCESSOR_IDENTIFIER=AMD64 Family 23 Model 96 Stepping 1, AuthenticAMD
TMP=C:\Users\ZoroJuro\AppData\Local\Temp
TEMP=C:\Users\ZoroJuro\AppData\Local\Temp




Periodic native trim disabled

---------------  S Y S T E M  ---------------

OS:
 Windows 10 , 64 bit Build 19041 (10.0.19041.5915)
OS uptime: 5 days 22:40 hours

CPU: total 12 (initial active 12) (12 cores per cpu, 2 threads per core) family 23 model 96 stepping 1 microcode 0x0, cx8, cmov, fxsr, ht, mmx, 3dnowpref, sse, sse2, sse3, ssse3, sse4a, sse4.1, sse4.2, popcnt, lzcnt, tsc, tscinvbit, avx, avx2, aes, clmul, bmi1, bmi2, adx, sha, fma, vzeroupper, clflush, clflushopt, rdtscp, rdpid, f16c
Processor Information for the first 12 processors :
  Max Mhz: 3000, Current Mhz: 3000, Mhz Limit: 3000

Memory: 4k page, system-wide physical 7549M (265M free)
TotalPageFile size 27549M (AvailPageFile size 91M)
current process WorkingSet (physical memory assigned to process): 306M, peak: 413M
current process commit charge ("private bytes"): 938M, peak: 939M

vm_info: OpenJDK 64-Bit Server VM (21.0.9+10-LTS) for windows-amd64 JRE (21.0.9+10-LTS), built on 2025-10-21T00:00:00Z by "admin" with unknown MS VC++:1942

END.
